// Jest Snapshot v1, https://goo.gl/fbAQLP

exports[`background when no custom config is provided should return the default config 1`] = `
Object {
  "attachment": Object {
    "fixed": Object {
      "background-attachment": "fixed",
    },
    "local": Object {
      "background-attachment": "local",
    },
    "scroll": Object {
      "background-attachment": "scroll",
    },
  },
  "color": Object {
    "black": Object {
      "background": "black",
    },
    "blue": Object {
      "background": "blue",
    },
    "gray": Object {
      "background": "gray",
    },
    "green": Object {
      "background": "green",
    },
    "orange": Object {
      "background": "orange",
    },
    "purple": Object {
      "background": "purple",
    },
    "red": Object {
      "background": "red",
    },
    "white": Object {
      "background": "white",
    },
    "yellow": Object {
      "background": "yellow",
    },
  },
  "position": Object {
    "bottom": Object {
      "background-position": "bottom",
    },
    "center": Object {
      "background-position": "center",
    },
    "left": Object {
      "background-position": "left",
    },
    "left-bottom": Object {
      "background-position": "left bottom",
    },
    "left-top": Object {
      "background-position": "left top",
    },
    "right": Object {
      "background-position": "right",
    },
    "right-bottom": Object {
      "background-position": "right bottom",
    },
    "right-top": Object {
      "background-position": "right top",
    },
    "top": Object {
      "background-position": "top",
    },
  },
  "repeat": Object {
    "no-repeat": Object {
      "background-repeat": "no-repeat",
    },
    "repeat": Object {
      "background-repeat": "repeat",
    },
    "repeat-x": Object {
      "background-repeat": "repeat-x",
    },
    "repeat-y": Object {
      "background-repeat": "repeat-y",
    },
  },
  "size": Object {
    "auto": Object {
      "background-size": "auto",
    },
    "contain": Object {
      "background-size": "contain",
    },
    "cover": Object {
      "background-size": "cover",
    },
  },
  "url": [Function],
}
`;
