// Jest Snapshot v1, https://goo.gl/fbAQLP

exports[`layout should return the default config 1`] = `
Object {
  "alignContent": Object {
    "around": Object {
      "align-content": "space-around",
    },
    "between": Object {
      "align-content": "space-between",
    },
    "center": Object {
      "align-content": "center",
    },
    "end": Object {
      "align-content": "flex-end",
    },
    "start": Object {
      "align-content": "flex-start",
    },
  },
  "alignItems": Object {
    "baseline": Object {
      "align-items": "baseline",
    },
    "center": Object {
      "align-items": "center",
    },
    "end": Object {
      "align-items": "flex-end",
    },
    "start": Object {
      "align-items": "flex-start",
    },
    "stretch": Object {
      "align-items": "stretch",
    },
  },
  "alignSelf": Object {
    "auto": Object {
      "align-self": "auto",
    },
    "center": Object {
      "align-self": "center",
    },
    "end": Object {
      "align-self": "flex-end",
    },
    "start": Object {
      "align-self": "flex-start",
    },
    "stretch": Object {
      "align-self": "stretch",
    },
  },
  "direction": Object {
    "column": Object {
      "flex-direction": "column",
    },
    "columnReverse": Object {
      "flex-direction": "column-reverse",
    },
    "row": Object {
      "flex-direction": "row",
    },
    "rowReverse": Object {
      "flex-direction": "row-reverse",
    },
  },
  "display": Object {
    "block": Object {
      "display": "block",
    },
    "flex": Object {
      "display": "flex",
    },
    "inlineBlock": Object {
      "display": "inline-block",
    },
    "inlineFlex": Object {
      "display": "inline-flex",
    },
  },
  "float": Object {
    "left": Object {
      "float": "left",
    },
    "none": Object {
      "float": "none",
    },
    "right": Object {
      "float": "right",
    },
  },
  "justifyContent": Object {
    "around": Object {
      "justify-content": "space-around",
    },
    "between": Object {
      "justify-content": "space-between",
    },
    "center": Object {
      "justify-content": "center",
    },
    "end": Object {
      "justify-content": "flex-end",
    },
    "start": Object {
      "justify-content": "flex-start",
    },
  },
  "overflow": Object {
    "auto": Object {
      "overflow": "auto",
    },
    "hidden": Object {
      "overflow": "hidden",
    },
    "scroll": Object {
      "overflow": "scroll",
    },
    "visible": Object {
      "overflow": "visible",
    },
  },
  "position": Object {
    "absolute": Object {
      "position": "absolute",
    },
    "fixed": Object {
      "position": "fixed",
    },
    "relative": Object {
      "position": "relative",
    },
    "static": Object {
      "position": "static",
    },
    "sticky": Object {
      "position": "sticky",
    },
  },
  "wrap": Object {
    "noWrap": Object {
      "flex-wrap": "nowrap",
    },
    "reverse": Object {
      "flex-wrap": "wrap-reverse",
    },
    "wrap": Object {
      "flex-wrap": "wrap",
    },
  },
}
`;
